// Jest Snapshot v1, https://goo.gl/fbAQLP

exports[`<MainRegion/> renders correctly with default props 1`] = `
<div
  className="MainRegionStyled-gqcCET ePyrOs"
/>
`;
